[Web Scraper:livewatch] pass {
  at: 1787590088299,
  pageUrl: 'https://shop.example.com/list',
  changeReason: 'manual',
  pageChangeDetected: false,
  rescanTriggered: true,
  raw: 20,
  accepted: 20,
  excluded: 0,
  duplicates: 0,
  newRows: 20,
  datasetBefore: 0,
  datasetAfter: 20,
  operation: 'APPEND',
  sessionStillActive: true
}
ok  : TEST 7/8a: first pass collects all 20 initial products, got 20
[Web Scraper:livewatch] pass {
  at: 1787590088385,
  pageUrl: 'https://shop.example.com/list',
  changeReason: 'manual',
  pageChangeDetected: false,
  rescanTriggered: true,
  raw: 40,
  accepted: 40,
  excluded: 0,
  duplicates: 20,
  newRows: 20,
  datasetBefore: 20,
  datasetAfter: 40,
  operation: 'APPEND',
  sessionStillActive: true
}
ok  : TEST 7/8b: second pass appends exactly the 20 NEW products, dataset now 40, got 40
ok  : TEST 7/8b: lastPassNewRows correctly reports 20 new rows this pass, got 20
[Web Scraper:livewatch] pass {
  at: 1787590088520,
  pageUrl: 'https://shop.example.com/list2',
  changeReason: 'manual',
  pageChangeDetected: false,
  rescanTriggered: true,
  raw: 15,
  accepted: 15,
  excluded: 0,
  duplicates: 0,
  newRows: 15,
  datasetBefore: 0,
  datasetAfter: 15,
  operation: 'APPEND',
  sessionStillActive: true
}
ok  : TEST 9: initial pass collects 15, got 15
[Web Scraper:livewatch] pass {
  at: 1787590088614,
  pageUrl: 'https://shop.example.com/list2',
  changeReason: 'manual',
  pageChangeDetected: false,
  rescanTriggered: true,
  raw: 15,
  accepted: 15,
  excluded: 0,
  duplicates: 15,
  newRows: 0,
  datasetBefore: 15,
  datasetAfter: 15,
  operation: 'APPEND',
  sessionStillActive: true
}
ok  : TEST 9: re-running the pass against unchanged content never duplicates rows, still 15, got 15
ok  : TEST 9: lastPassNewRows correctly reports 0 for a pass that found nothing new, got 0
[Web Scraper:livewatch] pass {
  at: 1787590088783,
  pageUrl: 'https://shop.example.com/list3',
  changeReason: 'manual',
  pageChangeDetected: false,
  rescanTriggered: true,
  raw: 62,
  accepted: 60,
  excluded: 2,
  duplicates: 0,
  newRows: 60,
  datasetBefore: 0,
  datasetAfter: 60,
  operation: 'APPEND',
  sessionStillActive: true
}
ok  : TEST 10: exactly the 60 real products are accepted, promotional rows rejected by classification, got 60
ok  : TEST 10: zero accepted rows carry a promotional title
[Web Scraper:livewatch] pass {
  at: 1787590088894,
  pageUrl: 'https://shop.example.com/list4',
  changeReason: 'manual',
  pageChangeDetected: false,
  rescanTriggered: true,
  raw: 10,
  accepted: 10,
  excluded: 0,
  duplicates: 0,
  newRows: 10,
  datasetBefore: 0,
  datasetAfter: 10,
  operation: 'APPEND',
  sessionStillActive: true
}
[Web Scraper:livewatch] pass {
  at: 1787590088989,
  pageUrl: 'https://shop.example.com/list4',
  changeReason: 'manual',
  pageChangeDetected: false,
  rescanTriggered: true,
  raw: 10,
  accepted: 10,
  excluded: 0,
  duplicates: 10,
  newRows: 0,
  datasetBefore: 10,
  datasetAfter: 10,
  operation: 'APPEND',
  sessionStillActive: true
}
ok  : TEST 11: dataset size is unchanged when no new genuine data exists, got 10 vs original 10
ok  : TEST 11: lastPassNewRows is 0 for the no-new-data pass, got 0
ok  : SANITY: a finished session is never appended to by a stray pass, got 0
[Web Scraper:livewatch] pass {
  at: 1787590089975,
  pageUrl: 'https://shop.example.com/page2',
  changeReason: 'pushState',
  pageChangeDetected: true,
  rescanTriggered: true,
  raw: 10,
  accepted: 10,
  excluded: 0,
  duplicates: 0,
  newRows: 10,
  datasetBefore: 0,
  datasetAfter: 10,
  operation: 'APPEND',
  sessionStillActive: true
}
ok  : TEST 7: a pushState call alone (no DOM mutation) triggers a detection pass, got 10
[Web Scraper:livewatch] pass {
  at: 1787590090224,
  pageUrl: 'https://shop.example.com/list7',
  changeReason: 'manual',
  pageChangeDetected: false,
  rescanTriggered: true,
  raw: 5,
  accepted: 5,
  excluded: 0,
  duplicates: 0,
  newRows: 5,
  datasetBefore: 0,
  datasetAfter: 5,
  operation: 'APPEND',
  sessionStillActive: true
}
ok  : TEST 16: initial pass collects the 5 present products, got 5
ok  : TEST 16: after BİTİR/STOP_LIVE_WATCH detaches the observer, new DOM content is never appended, still 5, got 5
[Web Scraper:livewatch] pass {
  at: 1787590095485,
  pageUrl: 'https://shop.example.com/list8',
  changeReason: 'hard-timeout',
  pageChangeDetected: false,
  rescanTriggered: true,
  raw: 8,
  accepted: 8,
  excluded: 0,
  duplicates: 0,
  newRows: 8,
  datasetBefore: 0,
  datasetAfter: 8,
  operation: 'APPEND',
  sessionStillActive: true
}
ok  : SANITY: the hard-timeout ceiling forces a detection pass despite nonstop unrelated DOM noise
ok  : SANITY: that forced pass still correctly collected the 8 real products, got 8
[Web Scraper:livewatch] pass {
  at: 1787590095882,
  pageUrl: 'https://shop.example.com/search?page=1',
  changeReason: 'manual',
  pageChangeDetected: false,
  rescanTriggered: true,
  raw: 60,
  accepted: 60,
  excluded: 0,
  duplicates: 0,
  newRows: 60,
  datasetBefore: 0,
  datasetAfter: 60,
  operation: 'APPEND',
  sessionStillActive: true
}
ok  : CROSS-NAV: page 1 seeds 60 products, got 60
ok  : CROSS-NAV: session is still active after page 1
[Web Scraper:livewatch] pass {
  at: 1787590096022,
  pageUrl: 'https://shop.example.com/search?page=2',
  changeReason: 'resume-on-load',
  pageChangeDetected: true,
  rescanTriggered: true,
  raw: 60,
  accepted: 60,
  excluded: 0,
  duplicates: 0,
  newRows: 60,
  datasetBefore: 60,
  datasetAfter: 120,
  operation: 'APPEND',
  sessionStillActive: true
}
ok  : CROSS-NAV: page 2's independent content-script instance auto-resumed the SAME session and APPENDED its 60 new products — expected 120 total, got 120 (120 would confirm append; staying at 60 would mean no rescan happened; staying at 60 with different row identities would mean replace)
ok  : CROSS-NAV: all 60 of page 1's original rows are still present after page 2's pass — proves APPEND, not REPLACE
ok  : CROSS-NAV: the diagnostic correctly attributes page 2's pass to resume-on-load, got resume-on-load
ok  : CROSS-NAV: the diagnostic explicitly records APPEND as the operation, got APPEND
ok  : CROSS-NAV: the diagnostic's before/after dataset sizes are exactly 60 -> 120, got 60 -> 120
[Web Scraper:livewatch] pass {
  at: 1787590096252,
  pageUrl: 'https://etsy.com/search?page=1',
  changeReason: 'manual',
  pageChangeDetected: false,
  rescanTriggered: true,
  raw: 60,
  accepted: 60,
  excluded: 0,
  duplicates: 0,
  newRows: 60,
  datasetBefore: 0,
  datasetAfter: 60,
  operation: 'APPEND',
  sessionStillActive: true
}
[Web Scraper:livewatch] pass {
  at: 1787590096294,
  pageUrl: 'https://etsy.com/search?page=1',
  changeReason: 'queued-retry',
  pageChangeDetected: false,
  rescanTriggered: true,
  raw: 60,
  accepted: 60,
  excluded: 0,
  duplicates: 60,
  newRows: 0,
  datasetBefore: 60,
  datasetAfter: 60,
  operation: 'APPEND',
  sessionStillActive: true
}
ok  : WWW-MISMATCH: page 1 (bare "etsy.com") seeds 60 rows under the bare-domain key, got 60
[Web Scraper:livewatch] pass {
  at: 1787590096377,
  pageUrl: 'https://shop.example.com/list8',
  changeReason: 'dom-mutation',
  pageChangeDetected: false,
  rescanTriggered: true,
  raw: 8,
  accepted: 8,
  excluded: 0,
  duplicates: 8,
  newRows: 0,
  datasetBefore: 8,
  datasetAfter: 8,
  operation: 'APPEND',
  sessionStillActive: true
}
[Web Scraper:livewatch] pass {
  at: 1787590096435,
  pageUrl: 'https://www.etsy.com/search?page=2',
  changeReason: 'resume-on-load',
  pageChangeDetected: true,
  rescanTriggered: true,
  raw: 60,
  accepted: 60,
  excluded: 0,
  duplicates: 0,
  newRows: 60,
  datasetBefore: 60,
  datasetAfter: 120,
  operation: 'APPEND',
  sessionStillActive: true
}
ok  : WWW-MISMATCH: exactly ONE session key exists in storage — no separate "www.etsy.com" key was ever created, got keys: ws_live_session::etsy.com
ok  : WWW-MISMATCH: the "www.etsy.com" content-script instance found and appended onto the SAME session created under "etsy.com" — expected 120 total, got 120
ok  : WWW-MISMATCH: the diagnostic lookup on the www-variant page finds an ACTIVE session, not "no active or finished session"

27 assertions, 0 failures
